---
source: core/tests/suite/compact.rs
expression: "format_history_snapshot(\"Real paginated mid-turn compaction and cold resume from the bounded suffix.\",\n&requests,)"
---
Scenario: Real paginated mid-turn compaction and cold resume from the bounded suffix.

## Window 1
-- request 1 (turn) --
00:message/developer:
    <MODEL_INSTRUCTIONS>
01:message/developer[2]:
    [01] <PERMISSIONS_INSTRUCTIONS>
    [02] <COLLABORATION_MODE>
02:message/developer:
    Role: `/root`. Own the result and coordinate delegated work. Agent messages in analysis. `send_message`:... active agent, no new turn. `followup_task`: new turn [hash=ae93e86fb65ebd6a]
    Collaboration tools: direct calls, not inside `functions.exec`. Shared filesystem and working directory....less stopped or shut down. Do not poll for completion [hash=76b09020695c57df]
    Active-agent limit, including you: 4

    `model` or `reasoning_effort`: only when explicitly requested by the user, AGENTS.md, or skills. Overrid...Omitted or `"all"`: parent model and effort inherited [hash=d4c4ef044a7cfe99]
03:message/developer:
    <MULTI_AGENT_MODE>
04:message/user:
    function call limit push

## Window 2 (after request 1: settings changed (parallel_tool_calls, tools))
-- request 2 (compaction) --
00:message/developer:
    <MODEL_INSTRUCTIONS>
01:message/developer[2]:
    [01] <PERMISSIONS_INSTRUCTIONS>
    [02] <COLLABORATION_MODE>
02:message/developer:
    Role: `/root`. Own the result and coordinate delegated work. Agent messages in analysis. `send_message`:... active agent, no new turn. `followup_task`: new turn [hash=ae93e86fb65ebd6a]
    Collaboration tools: direct calls, not inside `functions.exec`. Shared filesystem and working directory....less stopped or shut down. Do not poll for completion [hash=76b09020695c57df]
    Active-agent limit, including you: 4

    `model` or `reasoning_effort`: only when explicitly requested by the user, AGENTS.md, or skills. Overrid...Omitted or `"all"`: parent model and effort inherited [hash=d4c4ef044a7cfe99]
03:message/developer:
    <MULTI_AGENT_MODE>
04:message/user:
    function call limit push
05:function_call/test_tool:{}
06:function_call_output:unsupported call: test_tool
07:message/user:
    <SUMMARIZATION_PROMPT>

## Window 3 (after request 2: input diverged at item 05, settings changed (parallel_tool_calls, tools))
-- request 3 (turn) --
00:message/developer:
    <MODEL_INSTRUCTIONS>
01:message/developer[2]:
    [01] <PERMISSIONS_INSTRUCTIONS>
    [02] <COLLABORATION_MODE>
02:message/developer:
    Role: `/root`. Own the result and coordinate delegated work. Agent messages in analysis. `send_message`:... active agent, no new turn. `followup_task`: new turn [hash=ae93e86fb65ebd6a]
    Collaboration tools: direct calls, not inside `functions.exec`. Shared filesystem and working directory....less stopped or shut down. Do not poll for completion [hash=76b09020695c57df]
    Active-agent limit, including you: 4

    `model` or `reasoning_effort`: only when explicitly requested by the user, AGENTS.md, or skills. Overrid...Omitted or `"all"`: parent model and effort inherited [hash=d4c4ef044a7cfe99]
03:message/developer:
    <MULTI_AGENT_MODE>
04:message/user:
    function call limit push
05:message/user:
    <COMPACTION_SUMMARY>

    AUTO_SUMMARY
-- request 4 (turn) --
06:message/assistant:
    continued
07:message/user:
    continue after cold resume
