---
source: core/tests/suite/scenarios_shared_instructions.rs
expression: "context_snapshot::format_request_history_snapshot(\"A host replaces the provider after the parent restarts, then updates and clears instructions for surviving children and grandchildren.\",\n&request_history, &ContextSnapshotOptions::default(),)"
---
Scenario: A host replaces the provider after the parent restarts, then updates and clears instructions for surviving children and grandchildren.

## Window 1
-- request 1 (turn) --
00:message/developer:
    Complete the request. Questions only for missing information that changes the work

    Follow applicable AGENTS.md instructions. Supplied ancestors need no rereading. Nested instructions: check where you work

    Preserve unrelated uncommitted changes. Destructive Git commands only with explicit approval

    Active sandbox and approval policy. No bypasses or repackaged rejected commands

01:message/developer:
    <permissions instructions>
    `sandbox_mode`: `read-only`. Reads only. Network access: restricted
    Approval policy: `on-request`. Needed access through command approval parameters, not a separate message...d"` with a short approval question in `justification` [hash=6edee554ee91cf66]

    Only needed access. Approval before destructive actions not authorized by the user. No approval bypasses through other tools

    `prefix_rule`: narrowly scoped reusable capability, usually not the whole command. Never broad interpret...es for destructive commands, heredocs, or herestrings [hash=b27489a8aea81869]

    Shell control operators: independently evaluated segments. Approved prefixes do not authorize whole compound commands. Complex syntax may prevent rule matching
    </permissions instructions>
02:message/user[2]:
    [01] # AGENTS.md instructions

        <INSTRUCTIONS>
        Ask before sending email.
        </INSTRUCTIONS>
    [02] <environment_context>
          <cwd><CWD></cwd>
          <shell><HOST_SHELL></shell>
          <current_date><CURRENT_DATE></current_date>
          <timezone><HOST_TIMEZONE></timezone>
          <filesystem><workspace_roots><root><CWD></root></workspace_roots><permission_profile type="managed"><f...ntry></file_system></permission_profile></filesystem> [hash=e8c1de60307d0a3d]
          <subagents>
            - <UUID 1>
          </subagents>
        </environment_context>
03:message/user:
    continue with the current instructions
-- request 2 (turn) --
04:message/user:
    # AGENTS.md instructions

    <INSTRUCTIONS>
    Prior AGENTS.md instructions replaced by the following

    Never send email.
    </INSTRUCTIONS>
05:message/user:
    continue with the current instructions
-- request 3 (turn) --
06:message/user:
    # AGENTS.md instructions

    <INSTRUCTIONS>
    Prior AGENTS.md instructions no longer applicable
    </INSTRUCTIONS>
07:message/user:
    continue with the current instructions
-- request 4 (turn) --
08:message/user:
    continue with the current instructions

## Window 2 (after request 4: input diverged at item 02, settings changed (prompt_cache_key))
-- request 5 (turn) --
00:message/developer:
    Complete the request. Questions only for missing information that changes the work

    Follow applicable AGENTS.md instructions. Supplied ancestors need no rereading. Nested instructions: check where you work

    Preserve unrelated uncommitted changes. Destructive Git commands only with explicit approval

    Active sandbox and approval policy. No bypasses or repackaged rejected commands

01:message/developer:
    <permissions instructions>
    `sandbox_mode`: `read-only`. Reads only. Network access: restricted
    Approval policy: `on-request`. Needed access through command approval parameters, not a separate message...d"` with a short approval question in `justification` [hash=6edee554ee91cf66]

    Only needed access. Approval before destructive actions not authorized by the user. No approval bypasses through other tools

    `prefix_rule`: narrowly scoped reusable capability, usually not the whole command. Never broad interpret...es for destructive commands, heredocs, or herestrings [hash=b27489a8aea81869]

    Shell control operators: independently evaluated segments. Approved prefixes do not authorize whole compound commands. Complex syntax may prevent rule matching
    </permissions instructions>
02:message/user[2]:
    [01] # AGENTS.md instructions

        <INSTRUCTIONS>
        Ask before sending email.
        </INSTRUCTIONS>
    [02] <environment_context>
          <cwd><CWD></cwd>
          <shell><HOST_SHELL></shell>
          <current_date><CURRENT_DATE></current_date>
          <timezone><HOST_TIMEZONE></timezone>
          <filesystem><workspace_roots><root><CWD></root></workspace_roots><permission_profile type="managed"><f...ntry></file_system></permission_profile></filesystem> [hash=e8c1de60307d0a3d]
        </environment_context>
03:message/user:
    continue with the current instructions
-- request 6 (turn) --
04:message/user:
    # AGENTS.md instructions

    <INSTRUCTIONS>
    Prior AGENTS.md instructions replaced by the following

    Never send email.
    </INSTRUCTIONS>
05:message/user:
    continue with the current instructions
-- request 7 (turn) --
06:message/user:
    # AGENTS.md instructions

    <INSTRUCTIONS>
    Prior AGENTS.md instructions no longer applicable
    </INSTRUCTIONS>
07:message/user:
    continue with the current instructions
-- request 8 (turn) --
08:message/user:
    continue with the current instructions
