---
source: core/tests/suite/scenarios.rs
expression: "context_snapshot::format_request_history_snapshot(\"Astra plans a kickoff with local and plugin skills, remotely compacts, and checks an image brief.\",\n&requests, &ContextSnapshotOptions::default().include_request_settings(),)"
---
Scenario: Astra plans a kickoff with local and plugin skills, remotely compacts, and checks an image brief.

## Window 1
Settings:
  include: ["reasoning.encrypted_content"]
  model: "gpt-6-astra"
  parallel_tool_calls: false
  prompt_cache_key: "<PROMPT_CACHE_KEY 1>"
  reasoning: {"context":"all_turns","effort":"low"}
  store: false
  stream: true
  text: {"verbosity":"low"}
  tool_choice: "auto"
-- request 1 (turn) --
00:additional_tools/developer (3; hash=ea9f17d10ddaf3c9):
        - namespace/functions; hash=b352d00241be814a
          - custom/exec
          - function/wait
        - namespace/clock: Read or wait on time; hash=988ad490c20d3305
          - function/sleep
        - namespace/collaboration: Agent collaboration; hash=940eda70c563c144
          - function/followup_task
          - function/interrupt_agent
          - function/list_agents
          - function/send_message
          - function/spawn_agent
01:message/developer:
    Complete the request. Questions only for missing information that changes the work

    Follow applicable AGENTS.md instructions. Supplied ancestors need no rereading. Nested instructions: check where you work

    Preserve unrelated uncommitted changes. Destructive Git commands only with explicit approval

    Active sandbox and approval policy. No bypasses or repackaged rejected commands

02:message/developer[3]:
    [01] Skills: List once at session start; read always-applicable and task-relevant skills before work
    [02] <permissions instructions>
        `sandbox_mode`: `read-only`. Reads only. Network access: restricted
        Approval policy: `on-request`. Needed access through command approval parameters, not a separate message...d"` with a short approval question in `justification` [hash=6edee554ee91cf66]

        Only needed access. Approval before destructive actions not authorized by the user. No approval bypasses through other tools

        `prefix_rule`: narrowly scoped reusable capability, usually not the whole command. Never broad interpret...es for destructive commands, heredocs, or herestrings [hash=b27489a8aea81869]

        Shell control operators: independently evaluated segments. Approved prefixes do not authorize whole compound commands. Complex syntax may prevent rule matching
        </permissions instructions>
    [03] <collaboration_mode>Execute the request. Prior collaboration-mode instructions replaced. Mode changes only through a developer `<collaboration_mode>` message

        `request_user_input`, when available: optional questions that materially improve the work, never approva...ocking safe progress: one concise plain-text question [hash=291e336ce1657280]
        </collaboration_mode>
03:message/developer:
    <multi_agent_role>Role: `/root`. Own the result and coordinate delegated work. Agent messages in analysi... active agent, no new turn. `followup_task`: new turn [hash=98e3a9369209aed0]
    Collaboration tools: direct calls, not inside `functions.exec`. Shared filesystem and working directory....less stopped or shut down. Do not poll for completion [hash=76b09020695c57df]
    Active-agent limit, including you: 4

    `model` or `reasoning_effort`: only when explicitly requested by the user, AGENTS.md, or skills. Overrid... parent model and effort inherited</multi_agent_role> [hash=4692806a8a393d2c]
04:message/developer:
    <multi_agent_mode>Proactive-delegation guidance replaced. Agent spawning only on explicit request from t...le AGENTS.md or skill instructions</multi_agent_mode> [hash=2474ee6b5769b670]
05:message/user[2]:
    [01] # AGENTS.md instructions for <AGENTS_DIRECTORY>

        <INSTRUCTIONS>
        Kickoff updates must name an owner and a date.
        </INSTRUCTIONS>
    [02] <environment_context>
          <cwd><CWD></cwd>
          <shell><HOST_SHELL></shell>
          <current_date><CURRENT_DATE></current_date>
          <timezone><HOST_TIMEZONE></timezone>
          <filesystem><workspace_roots><root><WORKSPACE_ROOT 1></root></workspace_roots><permission_profile type...ntry></file_system></permission_profile></filesystem> [hash=911722cc43b4c3b8]
        </environment_context>
06:message/user:
    Plan a team kickoff for Friday using $outline and $calendar:agenda.
07:message/user:
    <skill>
    <name>outline</name>
    <path><SKILLS_ROOT>/outline/SKILL.md</path>
    ---
    name: outline
    description: Draft a project outline
    ---

    List the goals and owners.

    </skill>
08:message/user:
    <skill>
    <name>calendar:agenda</name>
    <path><PLUGINS_CACHE>/test/calendar/local/skills/agenda/SKILL.md</path>
    ---
    name: agenda
    description: Plan a team agenda
    ---

    List meetings with dates and attendees.

    </skill>
09:message/developer:
    Plugin `calendar` capabilities:
    - Skill prefix: `calendar:`
-- request 2 (turn) --
10:message/assistant:
    Agenda drafted for the kickoff.
11:message/user:
    Summarize the kickoff notes with $notes:summarize.
12:message/user:
    <skill>
    <name>notes:summarize</name>
    <path><PLUGINS_CACHE>/test/notes/local/skills/summarize/SKILL.md</path>
    ---
    name: summarize
    description: Summarize team notes
    ---

    Extract decisions and action items.

    </skill>
13:message/developer:
    Plugin `notes` capabilities:
    - Skill prefix: `notes:`
-- request 3 (compaction) --
14:message/assistant:
    The team chose Friday and assigned owners.
15:compaction_trigger

## Window 2 (after request 3: input diverged at item 02)
Settings: same as window 1
-- request 4 (turn) --
00:additional_tools/developer (3; hash=ea9f17d10ddaf3c9):
        - namespace/functions; hash=b352d00241be814a
          - custom/exec
          - function/wait
        - namespace/clock: Read or wait on time; hash=988ad490c20d3305
          - function/sleep
        - namespace/collaboration: Agent collaboration; hash=940eda70c563c144
          - function/followup_task
          - function/interrupt_agent
          - function/list_agents
          - function/send_message
          - function/spawn_agent
01:message/developer:
    Complete the request. Questions only for missing information that changes the work

    Follow applicable AGENTS.md instructions. Supplied ancestors need no rereading. Nested instructions: check where you work

    Preserve unrelated uncommitted changes. Destructive Git commands only with explicit approval

    Active sandbox and approval policy. No bypasses or repackaged rejected commands

02:message/user:
    Plan a team kickoff for Friday using $outline and $calendar:agenda.
03:message/developer[3]:
    [01] Skills: List once at session start; read always-applicable and task-relevant skills before work
    [02] <permissions instructions>
        `sandbox_mode`: `read-only`. Reads only. Network access: restricted
        Approval policy: `on-request`. Needed access through command approval parameters, not a separate message...d"` with a short approval question in `justification` [hash=6edee554ee91cf66]

        Only needed access. Approval before destructive actions not authorized by the user. No approval bypasses through other tools

        `prefix_rule`: narrowly scoped reusable capability, usually not the whole command. Never broad interpret...es for destructive commands, heredocs, or herestrings [hash=b27489a8aea81869]

        Shell control operators: independently evaluated segments. Approved prefixes do not authorize whole compound commands. Complex syntax may prevent rule matching
        </permissions instructions>
    [03] <collaboration_mode>Execute the request. Prior collaboration-mode instructions replaced. Mode changes only through a developer `<collaboration_mode>` message

        `request_user_input`, when available: optional questions that materially improve the work, never approva...ocking safe progress: one concise plain-text question [hash=291e336ce1657280]
        </collaboration_mode>
04:message/developer:
    <multi_agent_role>Role: `/root`. Own the result and coordinate delegated work. Agent messages in analysi... active agent, no new turn. `followup_task`: new turn [hash=98e3a9369209aed0]
    Collaboration tools: direct calls, not inside `functions.exec`. Shared filesystem and working directory....less stopped or shut down. Do not poll for completion [hash=76b09020695c57df]
    Active-agent limit, including you: 4

    `model` or `reasoning_effort`: only when explicitly requested by the user, AGENTS.md, or skills. Overrid... parent model and effort inherited</multi_agent_role> [hash=4692806a8a393d2c]
05:message/developer:
    <multi_agent_mode>Proactive-delegation guidance replaced. Agent spawning only on explicit request from t...le AGENTS.md or skill instructions</multi_agent_mode> [hash=2474ee6b5769b670]
06:message/user[2]:
    [01] # AGENTS.md instructions for <AGENTS_DIRECTORY>

        <INSTRUCTIONS>
        Kickoff updates must name an owner and a date.
        </INSTRUCTIONS>
    [02] <environment_context>
          <cwd><CWD></cwd>
          <shell><HOST_SHELL></shell>
          <current_date><CURRENT_DATE></current_date>
          <timezone><HOST_TIMEZONE></timezone>
          <filesystem><workspace_roots><root><WORKSPACE_ROOT 1></root></workspace_roots><permission_profile type...ntry></file_system></permission_profile></filesystem> [hash=911722cc43b4c3b8]
        </environment_context>
07:message/user:
    Summarize the kickoff notes with $notes:summarize.
08:compaction:encrypted=true; chars=26; hash=ec5e2724e6f5f641
09:message/user[2]:
    [01] Check the final kickoff brief and attached sketch with $final-check and $calendar:agenda.
    [02] <input_image:image_url>
10:message/user:
    <skill>
    <name>final-check</name>
    <path><SKILLS_ROOT>/final-check/SKILL.md</path>
    ---
    name: final-check
    description: Review a final brief
    ---

    Check that the brief has an owner for every action.

    </skill>
11:message/user:
    <skill>
    <name>calendar:agenda</name>
    <path><PLUGINS_CACHE>/test/calendar/local/skills/agenda/SKILL.md</path>
    ---
    name: agenda
    description: Plan a team agenda
    ---

    List meetings with dates and attendees.

    </skill>
12:message/developer:
    Plugin `calendar` capabilities:
    - Skill prefix: `calendar:`
