---
source: core/tests/suite/scenarios_mxc.rs
expression: "context_snapshot::format_request_history_snapshot(\"Resolved local MXC selection preserves workspace-write permissions in a real agent turn.\",\n&mock.requests(), &ContextSnapshotOptions::default(),)"
---
Scenario: Resolved local MXC selection preserves workspace-write permissions in a real agent turn.

## Window 1
-- request 1 (turn) --
00:message/developer:
    Complete the request. Questions only for missing information that changes the work

    Follow applicable AGENTS.md instructions. Supplied ancestors need no rereading. Nested instructions: check where you work

    Preserve unrelated uncommitted changes. Destructive Git commands only with explicit approval

    Active sandbox and approval policy. No bypasses or repackaged rejected commands

01:message/developer:
    <permissions instructions>
    `sandbox_mode`: `workspace-write`. Reads allowed. Writes within `cwd` and `writable_roots`. Other writes require approval. Network access: restricted
    Approval policy: `on-request`. Needed access through command approval parameters, not a separate message...d"` with a short approval question in `justification` [hash=6edee554ee91cf66]

    Only needed access. Approval before destructive actions not authorized by the user. No approval bypasses through other tools

    `prefix_rule`: narrowly scoped reusable capability, usually not the whole command. Never broad interpret...es for destructive commands, heredocs, or herestrings [hash=b27489a8aea81869]

    Shell control operators: independently evaluated segments. Approved prefixes do not authorize whole compound commands. Complex syntax may prevent rule matching
     Writable root: `<WORKSPACE_ROOT 1>`
    </permissions instructions>
02:message/user:
    <environment_context>
      <cwd><CWD></cwd>
      <shell><HOST_SHELL></shell>
      <current_date><CURRENT_DATE></current_date>
      <timezone><HOST_TIMEZONE></timezone>
      <filesystem><workspace_roots><root><WORKSPACE_ROOT 1></root></workspace_roots><permission_profile type...ntry></file_system></permission_profile></filesystem> [hash=e9b73aecc0d54647]
    </environment_context>
03:message/user:
    Inspect the sandbox.
