---
source: core/tests/suite/scenarios_skill_catalog_dedup.rs
expression: "context_snapshot::format_request_history_snapshot(\"Native skills lists prefer cloud duplicates while retaining unique executor skills; name reads route to cloud instructions across turns.\",\n&requests, &ContextSnapshotOptions::default().include_request_settings(),)"
---
Scenario: Native skills lists prefer cloud duplicates while retaining unique executor skills; name reads route to cloud instructions across turns.

## Window 1
Settings:
  include: ["reasoning.encrypted_content"]
  model: "gpt-6-astra"
  parallel_tool_calls: false
  prompt_cache_key: "<PROMPT_CACHE_KEY 1>"
  reasoning: {"context":"all_turns","effort":"low"}
  store: false
  stream: true
  text: {"verbosity":"low"}
  tool_choice: "auto"
-- request 1 (turn) --
00:additional_tools/developer (3; hash=ea9f17d10ddaf3c9):
        - namespace/functions; hash=b352d00241be814a
          - custom/exec
          - function/wait
        - namespace/clock: Read or wait on time; hash=988ad490c20d3305
          - function/sleep
        - namespace/collaboration: Agent collaboration; hash=940eda70c563c144
          - function/followup_task
          - function/interrupt_agent
          - function/list_agents
          - function/send_message
          - function/spawn_agent
01:message/developer:
    Complete the request. Questions only for missing information that changes the work

    Follow applicable AGENTS.md instructions. Supplied ancestors need no rereading. Nested instructions: check where you work

    Preserve unrelated uncommitted changes. Destructive Git commands only with explicit approval

    Active sandbox and approval policy. No bypasses or repackaged rejected commands

02:message/developer[3]:
    [01] Skills: List once at session start; read always-applicable and task-relevant skills before work
    [02] <permissions instructions>
        `sandbox_mode`: `read-only`. Reads only. Network access: restricted
        Approval policy: `never`. Do not set `sandbox_permissions`.
        </permissions instructions>
    [03] <collaboration_mode>Execute the request. Prior collaboration-mode instructions replaced. Mode changes only through a developer `<collaboration_mode>` message

        `request_user_input`, when available: optional questions that materially improve the work, never approva...ocking safe progress: one concise plain-text question [hash=291e336ce1657280]
        </collaboration_mode>
03:message/developer:
    <multi_agent_role>Role: `/root`. Own the result and coordinate delegated work. Agent messages in analysi... active agent, no new turn. `followup_task`: new turn [hash=98e3a9369209aed0]
    Collaboration tools: direct calls, not inside `functions.exec`. Shared filesystem and working directory....less stopped or shut down. Do not poll for completion [hash=76b09020695c57df]
    Active-agent limit, including you: 4

    `model` or `reasoning_effort`: only when explicitly requested by the user, AGENTS.md, or skills. Overrid... parent model and effort inherited</multi_agent_role> [hash=4692806a8a393d2c]
04:message/developer:
    <multi_agent_mode>Proactive-delegation guidance replaced. Agent spawning only on explicit request from t...le AGENTS.md or skill instructions</multi_agent_mode> [hash=2474ee6b5769b670]
05:message/user:
    <environment_context>
      <cwd><CWD></cwd>
      <shell><HOST_SHELL></shell>
      <current_date><CURRENT_DATE></current_date>
      <timezone><HOST_TIMEZONE></timezone>
      <filesystem><workspace_roots><root><CWD></root></workspace_roots><permission_profile type="managed"><f...ntry></file_system></permission_profile></filesystem> [hash=e8c1de60307d0a3d]
    </environment_context>
06:message/user:
    Which skills are available?
-- request 2 (turn) --
07:custom_tool_call/skills:list
08:custom_tool_call/skills:read demo:s0
09:custom_tool_call_output:- demo:s0: Cloud skill instructions.
    - demo:s1: Cloud skill instructions.
    - demo:s2: Cloud skill instructions.
    - other:s0: Executor skill instructions.
    - other:s1: Executor skill instructions.
    - other:s2: Executor skill instructions.
10:custom_tool_call_output:Cloud instructions for demo:s0.

    ---
    Package: skill://cloud/s0
    Source: skill://cloud/s0/SKILL.md
-- request 3 (turn) --
11:message/assistant:
    Skills are available.
12:message/user:
    Are those same skills still available?
-- request 4 (turn) --
13:custom_tool_call/skills:list
14:custom_tool_call/skills:read demo:s0
15:custom_tool_call_output:- demo:s0: Cloud skill instructions.
    - demo:s1: Cloud skill instructions.
    - demo:s2: Cloud skill instructions.
    - other:s0: Executor skill instructions.
    - other:s1: Executor skill instructions.
    - other:s2: Executor skill instructions.
16:custom_tool_call_output:Cloud instructions for demo:s0.

    ---
    Package: skill://cloud/s0
    Source: skill://cloud/s0/SKILL.md
