---
source: core/tests/suite/scenarios.rs
expression: "context_snapshot::format_context_snapshot(\"Astra resumes a recorded async question, keeps working, and receives the user's answer in the active turn without re-advertising the legacy tool.\",\n&entries, &ContextSnapshotOptions::default().rewrite_known_segments(),)"
---
Scenario: Astra resumes a recorded async question, keeps working, and receives the user's answer in the active turn without re-advertising the legacy tool.

## Window 1
-- request 1 (request) --
00:additional_tools/developer (3; hash=83c54bbc00d45276):
        - namespace/functions; hash=a5d81ecb09ddc491
          - custom/exec
          - function/wait
        - namespace/clock: Read or wait on time; hash=988ad490c20d3305
          - function/sleep
        - namespace/collaboration: Agent collaboration; hash=940eda70c563c144
          - function/followup_task
          - function/interrupt_agent
          - function/list_agents
          - function/send_message
          - function/spawn_agent
01:message/developer:
    <MODEL_INSTRUCTIONS>
02:message/developer[2]:
    [01] <PERMISSIONS_INSTRUCTIONS>
    [02] <collaboration_mode>Execute the request. Prior collaboration-mode instructions replaced. Mode changes only through a developer `<collaboration_mode>` message

        `request_user_input`, when available: optional questions that materially improve the work, never approva...ocking safe progress: one concise plain-text question [hash=291e336ce1657280]
        </collaboration_mode>
03:message/developer:
    <MULTI_AGENT_ROLE>
04:message/developer:
    <MULTI_AGENT_MODE>
05:message/user:
    <ENVIRONMENT_CONTEXT>
06:message/user:
    Draft a short launch update. Ask me who it is for and keep working while I answer.
-- request 2 (request) --
07:function_call/functions.request_user_input_async:{"questions":[{"options":["Internal team","Customers"],"title":"Who should receive the launch update?"}]}
08:function_call_output:{"accepted":true}
-- request 3 (request) --
09:message/assistant:
    I drafted a short launch update.
10:message/user:
    <send_user_message_question_reply>
    [{"answer":"Customers","question":"Who should receive the launch update?","questionItemId":"[\\"request_user_input_async\\",\\"audience-question\\",0]"}]
    </send_user_message_question_reply>
-- request 4 (request) --
11:message/assistant:
    Here is the launch update for customers.
12:message/developer:
    <PERMISSIONS_INSTRUCTIONS>
13:message/user:
    <ENVIRONMENT_CONTEXT>
14:message/user:
    Now give it an email subject.
