---
source: core/tests/suite/scenarios.rs
expression: "context_snapshot::format_request_history_snapshot(\"Catalog refreshes append the updated listing once while preserving tools and prior input.\",\n&requests, &ContextSnapshotOptions::default().include_request_settings(),)"
---
Scenario: Catalog refreshes append the updated listing once while preserving tools and prior input.

## Window 1
Settings:
  include: ["reasoning.encrypted_content"]
  model: "visible-model"
  parallel_tool_calls: true
  prompt_cache_key: "<PROMPT_CACHE_KEY 1>"
  reasoning: {"effort":"medium","summary":"auto"}
  store: false
  stream: true
  tool_choice: "auto"
  tools (5; hash=97bc20c3b8638653):
    - function/exec_command: Run a shell command; output and session ID while running; args=[cmd, justification, login, max_output_tokens, prefix_rule, sandbox_permissions, shell, tty, workdir, yield_time_ms]; hash=d19c77fa2b71f970
    - function/write_stdin: Write stdin or poll a running command for output; args=[chars, max_output_tokens, session_id, yield_time_ms]; hash=a4f2b7cc01e55d69
    - function/view_image: Inspect a local image; args=[path]; hash=d30bd322b1f7a5f9
    - namespace/multi_agent_v1: Spawn and manage sub-agents; hash=95436e178ca6b846
      - function/close_agent
      - function/resume_agent
      - function/send_input
      - function/spawn_agent
      - function/wait_agent
    - web_search; hash=8586237e354ee5ed
-- request 1 (turn) --
00:message/developer:
    Test model instructions.
01:message/developer[2]:
    [01] <permissions instructions>
        `sandbox_mode`: `danger-full-access`. No filesystem sandbox. Network access: enabled.
        Approval policy: `never`. Do not set `sandbox_permissions`.
        </permissions instructions>
    [02] <model_catalog>
        - `visible-model`: Fast and capable Reasoning efforts: low, medium (default), high. Service tiers: priority.
        </model_catalog>
02:message/user:
    hello
-- request 2 (turn) --
03:message/developer:
    <model_catalog>
    - `visible-model`: Updated picker copy Reasoning efforts: low, medium (default), high. Service tiers: priority.
    </model_catalog>
04:message/user:
    after catalog refresh
-- request 3 (turn) --
05:message/user:
    without another catalog change
