---
source: core/tests/suite/scenarios_partial_answers.rs
expression: "context_snapshot::format_request_history_snapshot(\"A forked worker receives both stable answer fragments, with their phases preserved and parent commentary filtered out.\",\n&child_requests, &ContextSnapshotOptions::default().rewrite_known_segments(),)"
---
Scenario: A forked worker receives both stable answer fragments, with their phases preserved and parent commentary filtered out.

## Window 1
-- request 1 (turn) --
00:message/developer:
    <MODEL_INSTRUCTIONS>
01:message/developer:
    <PERMISSIONS_INSTRUCTIONS>
02:message/user:
    <ENVIRONMENT_CONTEXT>
03:message/user:
    Give me both results.
04:message/assistant:
    The first result is ready.
05:message/assistant:
    The second result is ready.
06:message/user:
    Have a worker check both results.
07:message/developer:
    Complete the assigned task. Final answer to parent. Agent messages in analysis. `send_message`: contact an active agent, no new turn. `followup_task`: new turn
    Collaboration tools: direct calls, not inside `functions.exec`. Shared filesystem and working directory....less stopped or shut down. Do not poll for completion [hash=76b09020695c57df]
    Active-agent limit, including you: 4

    `model` or `reasoning_effort`: only when explicitly requested by the user, AGENTS.md, or skills. Overrid...Omitted or `"all"`: parent model and effort inherited [hash=d4c4ef044a7cfe99]

    In authorized substantial multi-agent workflows, use `agent_board` for shared decisions, dependencies, a.... Board posts do not assign work or wake idle agents. [hash=8aa9ab603287bfa9]
08:message/developer:
    <MULTI_AGENT_MODE>
09:agent_message
